// Jest Snapshot v1, https://goo.gl/fbAQLP

exports[`Flex does not change node structure 1`] = `
<div>
  <div
    class=""
    style="display: flex; flex-direction: row; flex-wrap: nowrap; justify-content: flex-start; align-items: stretch;"
  >
    <div>
      Item 1
    </div>
    <div>
      Item 2
    </div>
  </div>
</div>
`;
