// Jest Snapshot v1, https://goo.gl/fbAQLP

exports[`ToggleView renders correctly 1`] = `
<div
  className="test-cn-root"
>
  <div>
    Label: 
    LabelProp
  </div>
</div>
`;
