// Jest Snapshot v1, https://goo.gl/fbAQLP

exports[`StaticList renders empty list correctly 1`] = `<ul />`;
