// Jest Snapshot v1, https://goo.gl/fbAQLP

exports[`Layer renders Layer correctly 1`] = `
<span
  className="ms-layer"
>
  <div
    className=
        ms-Fabric
        ms-Layer-content
        {
          -moz-osx-font-smoothing: grayscale;
          -webkit-font-smoothing: antialiased;
          color: #333333;
          font-family: 'Segoe UI', 'Segoe UI Web (West European)', 'Segoe UI', -apple-system, BlinkMacSystemFont, 'Roboto', 'Helvetica Neue', sans-serif;
          font-size: 14px;
          font-weight: 400;
          visibility: visible;
        }
        & button {
          font-family: inherit;
        }
        & input {
          font-family: inherit;
        }
        & textarea {
          font-family: inherit;
        }
        button {
          margin-bottom: 0px;
          margin-left: 0px;
          margin-right: 0px;
          margin-top: 0px;
          overflow: visible;
        }
  >
    Content
  </div>
</span>
`;
