// Jest Snapshot v1, https://goo.gl/fbAQLP

exports[`Popup renders a default state 1`] = `"Default Popup"`;
