// Jest Snapshot v1, https://goo.gl/fbAQLP

exports[`PresenceBadge renders a default state 1`] = `
<div
  className=" "
/>
`;
