// Jest Snapshot v1, https://goo.gl/fbAQLP

exports[`KeytipLayer renders KeytipLayer correctly 1`] = `
<span
  className="ms-Layer"
/>
`;
