// Jest Snapshot v1, https://goo.gl/fbAQLP

exports[`HoverCard renders ExpandingCard correctly 1`] = `
<span
  className="ms-layer"
/>
`;

exports[`HoverCard renders PlainCard correctly 1`] = `
<span
  className="ms-layer"
/>
`;

exports[`HoverCard renders target wrapped by HoverCard correctly 1`] = `
<div
  data-is-focusable={true}
>
  Content
</div>
`;
