// Jest Snapshot v1, https://goo.gl/fbAQLP

exports[`PopupTrigger renders a default state 1`] = `
<button
  aria-haspopup="true"
  onClick={[Function]}
  onContextMenu={[Function]}
  onKeyDown={[Function]}
  onMouseEnter={[Function]}
  onMouseLeave={[Function]}
>
  Popup trigger
</button>
`;
