// Jest Snapshot v1, https://goo.gl/fbAQLP

exports[`CounterBadge renders a default state 1`] = `
<div
  className=" "
>
  0
</div>
`;
