// Jest Snapshot v1, https://goo.gl/fbAQLP

exports[`Accordion renders a default state 1`] = `
<div
  className=""
>
  Default Accordion
</div>
`;
