// Jest Snapshot v1, https://goo.gl/fbAQLP

exports[`PopoverOverlay renders a default state 1`] = `
<div
  class=""
  data-tabster="{\\"deloser\\":{},\\"modalizer\\":{\\"id\\":\\"modal-9\\",\\"isOthersAccessible\\":true}}"
  data-testid="component"
  role="dialog"
>
  <div
    class=""
  />
  Default PopoverOverlay
</div>
`;
