// Jest Snapshot v1, https://goo.gl/fbAQLP

exports[`Dialog renders chiclet with title, icon, onClick, and url 1`] = `
<div
  className=
      ms-ChicletXsmall
      {
        -moz-osx-font-smoothing: grayscale;
        -webkit-font-smoothing: antialiased;
        background-color: #ffffff;
        box-shadow: 0 1px 3px 0 rgba(0, 0, 0, 0.3);
        box-sizing: border-box;
        font-family: 'Segoe UI', 'Segoe UI Web (West European)', 'Segoe UI', -apple-system, BlinkMacSystemFont, 'Roboto', 'Helvetica Neue', sans-serif;
        font-size: 10px;
        font-weight: 400;
        height: 103px;
        margin-bottom: 0px;
        margin-left: 0px;
        margin-right: 0px;
        margin-top: 0px;
        overflow: hidden;
        padding-bottom: 4px;
        padding-left: 4px;
        padding-right: 4px;
        padding-top: 4px;
        position: relative;
        user-select: none;
        width: 250px;
      }
      &:hover {
        cursor: pointer;
      }
  onClick={[Function]}
  role="button"
  tabIndex={0}
>
  <img
    className=

        {
          background-color: 	#DCDCDC;
          float: left;
          height: 30.32px;
          padding-bottom: 17.44px;
          padding-left: 17.44px;
          padding-right: 17.44px;
          padding-top: 17.44px;
        }
    src="https://static2.sharepointonline.com/files/fabric/assets/brand-icons/product/svg/word_16x1_5.svg"
  />
  <div
    className=

        {
          border-bottom: 1px solid gray;
          float: left;
          height: 63px;
          margin-left: 4px;
          width: 170px;
        }
  >
    <div
      className=

          {
            color: #323130;
            float: left;
            font-size: 14px;
            height: 37px;
            letter-spacing: normal;
            line-height: 1.25;
            overflow: hidden;
            text-align: left;
            width: 170px;
            word-wrap: break-word;
          }
    >
      My Daily Notes
    </div>
  </div>
</div>
`;
