// Jest Snapshot v1, https://goo.gl/fbAQLP

exports[`App matches snapshot 1`] = `
<div
  className=
      ms-Fabric
      ms-App
      ms-App--xLarge
      {
        -moz-osx-font-smoothing: grayscale;
        -webkit-font-smoothing: antialiased;
        color: #333333;
        font-family: 'Segoe UI', 'Segoe UI Web (West European)', 'Segoe UI', -apple-system, BlinkMacSystemFont, 'Roboto', 'Helvetica Neue', sans-serif;
        font-size: 14px;
        font-weight: 400;
      }
      & button {
        font-family: inherit;
      }
      & input {
        font-family: inherit;
      }
      & textarea {
        font-family: inherit;
      }
      button {
        margin-bottom: 0px;
        margin-left: 0px;
        margin-right: 0px;
        margin-top: 0px;
        overflow: visible;
      }
>
  <div
    className="ms-App-header"
  >
    <div>
      <div
        className="Header"
      >
        <div
          className=
              Header-title
              {
                -moz-osx-font-smoothing: grayscale;
                -webkit-font-smoothing: antialiased;
                font-family: 'Segoe UI Web (West European)', 'Segoe UI', -apple-system, BlinkMacSystemFont, 'Roboto', 'Helvetica Neue', sans-serif;
                font-size: 17px;
                font-weight: 300;
              }
        >
          Fabric - React
        </div>
        <div
          className="Header-buttons"
        >
          <div
            className="ms-FocusZone"
            data-focuszone-id="FocusZone3"
            onFocus={[Function]}
            onKeyDown={[Function]}
            onMouseDownCapture={[Function]}
            role="presentation"
          >
            <a
              className="Header-button"
              href="#/"
            >
              Getting started
            </a>
            <a
              className="Header-button"
              href="http://dev.office.com/fabric"
            >
              Fabric
            </a>
            <a
              className="Header-button"
              href="http://www.github.com/officedev"
            >
              Github
            </a>
            <button
              className="Header-button"
              onClick={[Function]}
            >
              <i
                aria-hidden={true}
                className=

                    {
                      display: inline-block;
                    }
                data-icon-name="Settings"
                role="presentation"
              />
            </button>
          </div>
        </div>
      </div>
    </div>
  </div>
  <div
    className="ms-App-nav"
  >
    <div
      className="ms-FocusZone"
      data-focuszone-id="FocusZone4"
      onFocus={[Function]}
      onKeyDown={[Function]}
      onMouseDownCapture={[Function]}
      role="presentation"
    >
      <nav
        className=
            ms-Nav
            {
              -moz-osx-font-smoothing: grayscale;
              -webkit-font-smoothing: antialiased;
              -webkit-overflow-scrolling: touch;
              font-family: 'Segoe UI', 'Segoe UI Web (West European)', 'Segoe UI', -apple-system, BlinkMacSystemFont, 'Roboto', 'Helvetica Neue', sans-serif;
              font-size: 14px;
              font-weight: 400;
              overflow-y: auto;
              user-select: none;
            }
        role="navigation"
      >
        <div
          className=
              ms-Nav-group
              is-expanded

        >
          <div
            className=
                ms-Nav-groupContent
                {
                  animation-duration: 0.367s;
                  animation-fill-mode: both;
                  animation-name: keyframes from{opacity:0;}to{opacity:1;} keyframes from{transform:translate3d(0,-20px,0);}to{transform:translate3d(0,0,0);};
                  animation-timing-function: cubic-bezier(.1,.9,.2,1);
                  display: block;
                  margin-bottom: 40px;
                }
          />
        </div>
      </nav>
    </div>
  </div>
  <div
    className="ms-App-content"
    data-is-scrollable="true"
  />
</div>
`;
