// Jest Snapshot v1, https://goo.gl/fbAQLP

exports[`GroupedList renders grouped list correctly 1`] = `
<div
  className=
      ms-GroupedList
      {
        -moz-osx-font-smoothing: grayscale;
        -webkit-font-smoothing: antialiased;
        font-family: 'Segoe UI', 'Segoe UI Web (West European)', 'Segoe UI', -apple-system, BlinkMacSystemFont, 'Roboto', 'Helvetica Neue', sans-serif;
        font-size: 12px;
        font-weight: 400;
        position: relative;
      }
      & :global(.ms-List-cell) {
        min-height: 36px;
      }
  data-automationid="GroupedList"
  data-is-scrollable="false"
  role="presentation"
>
  <div
    className="ms-List"
    role="list"
  >
    <div
      className="ms-List-surface"
      role="presentation"
    />
  </div>
</div>
`;

exports[`GroupedList renders grouped list with custom expand button aria label correctly 1`] = `
<div
  className=
      ms-GroupedList
      {
        -moz-osx-font-smoothing: grayscale;
        -webkit-font-smoothing: antialiased;
        font-family: 'Segoe UI', 'Segoe UI Web (West European)', 'Segoe UI', -apple-system, BlinkMacSystemFont, 'Roboto', 'Helvetica Neue', sans-serif;
        font-size: 12px;
        font-weight: 400;
        position: relative;
      }
      & :global(.ms-List-cell) {
        min-height: 36px;
      }
  data-automationid="GroupedList"
  data-is-scrollable="false"
  role="presentation"
>
  <div
    className="ms-List"
    role="list"
  >
    <div
      className="ms-List-surface"
      role="presentation"
    />
  </div>
</div>
`;
