// Jest Snapshot v1, https://goo.gl/fbAQLP

exports[`Callout renders Callout correctly 1`] = `
<div
  className={undefined}
>
  <div
    className={undefined}
    tabIndex={-1}
  >
    <div
      aria-describedby={undefined}
      aria-label={undefined}
      aria-labelledby={undefined}
      className={undefined}
      onKeyDown={[Function]}
      onScroll={undefined}
      role={undefined}
      style={
        Object {
          "backgroundColor": undefined,
          "maxHeight": 750,
          "overflowY": "auto",
        }
      }
    >
      Content
    </div>
  </div>
</div>
`;
