// Jest Snapshot v1, https://goo.gl/fbAQLP

exports[`Nav package move moves import statements 1`] = `
"import {  } from 'office-ui-fabric-react'
import { Nav, INavLink } from '@uifabric/legacy'

import {  } from 'office-ui-fabric-react'
import { Nav } from '@uifabric/legacy'
import {  } from 'office-ui-fabric-react'
import { Nav } from '@uifabric/legacy'

import {  } from 'office-ui-fabric-react'
import { INav, INavLink, INavLinkGroup, INavProps, INavState, INavStyleProps, INavStyles, isRelativeUrl, Nav, NavBase } from '@uifabric/legacy'

import { Foo, Bar } from 'office-ui-fabric-react'
import { INav, INavLink, INavLinkGroup, INavProps, INavState, INavStyleProps, INavStyles, isRelativeUrl, Nav, NavBase } from '@uifabric/legacy'

import {
  INav,
  INavLink,
  INavLinkGroup,
  INavProps,
  INavState,
  INavStyleProps,
  INavStyles,
  isRelativeUrl,
  Nav,
  NavBase
} from 'somewhereelse';
"
`;
