// Jest Snapshot v1, https://goo.gl/fbAQLP

exports[`textfieldPropsChange transforms value to text 1`] = `
"import { TextField } from 'office-ui-fabric-react';

class TextFieldExample extends React.Component<{}, {}> {
  public render(): JSX.Element {
    return (
      <div className=\\"ms-TextFieldExample\\">
        <TextField id=\\"TextFieldId\\" />
        <TextField prefix=\\"prefix\\" />
        <TextField onRenderPrefix={this._onRenderAddon} />
        <TextField onChanged={this._onChanged} />
        <TextField onBeforeChange={this._onBeforeChange} />
        <TextField iconClass=\\"iconClassName\\" />
      </div>
    );
  }

  private _onRenderAddon = () => {
    return <span>prefix</span>;
  };

  private _onChanged = () => {
    console.log('onChanged called');
  };

  private _onBeforeChange = () => {
    console.log('onChanged called');
  };
}
"
`;
