// Jest Snapshot v1, https://goo.gl/fbAQLP

exports[`PopupContent renders a default state 1`] = `
<div
  class=""
  data-testid="component"
  role="dialog"
>
  Default PopupContent
</div>
`;
